---
created: "2019-08-19T08:12:56.238951Z"
creator: insta@0.10.1
source: mcp/src/shared.rs
expression: expected
---
alpha alpha
beta beta
datatransfer_v1 1_datatransfer
directory_v1 1_directory
reports_v1 1_reports
v1 1
v1.1 1d1
v1.2 1d2
v1.3 1d3
v1.4 1d4
v1alpha 1_alpha
v1alpha1 1_alpha1
v1alpha2 1_alpha2
v1b3 1_b3
v1beta 1_beta
v1beta1 1_beta1
v1beta1a 1_beta1a
v1beta2 1_beta2
v1beta3 1_beta3
v1beta4 1_beta4
v1beta5 1_beta5
v1configuration 1_configuration
v1management 1_management
v1p1alpha1 1_p1alpha1
v1p1beta1 1_p1beta1
v1p2beta1 1_p2beta1
v1p3beta1 1_p3beta1
v2 2
v2.1 2d1
v2.4 2d4
v2alpha1 2_alpha1
v2beta 2_beta
v2beta1 2_beta1
v2beta2 2_beta2
v2beta3 2_beta3
v3 3
v3.1 3d1
v3.2 3d2
v3.3 3d3
v3beta1 3_beta1
v3p1alpha1 3_p1alpha1
v3p1beta1 3_p1beta1
v4 4
v4.1 4d1
v5 5
